// Jest Snapshot v1, https://goo.gl/fbAQLP

exports[`render SearchContainer component 1`] = `
<DocumentFragment>
  <main
    class="sc-bxivhb jTcDCm"
  >
    <h1
      class="sc-bdVaJa cFuNTo"
    >
      Make a sentence with any word...
    </h1>
    <input
      aria-label="input"
      class="sc-htpNat lnVaJf"
      placeholder="Enter any word"
    />
    <button
      class="sc-bwzfXH ilHmnf"
      data-testid="button-global"
    >
      Show
    </button>
    <h1 />
  </main>
</DocumentFragment>
`;
